P68_DATA bars=4613599 as_of=4613598 exact_three=1333 baseline_host_outside_ledger=1281 baseline_unassigned=52
P68_ACCEPTANCE baseline_unassigned=52 adopted=19 adopted_completed=7 overlay_unassigned=33 tombstoned=0 conservation=52 status=PASS
P68_LEGACY_DIAGNOSTIC legacy_recompose_residual=35 legacy_regressions=2 adopt_v1_residual=33
P68_MECHANISMS center_extension=1 trend_assembly=2 cross_window_recompose=16 terminal_continuation=0
P68_LEVEL target_level=1 baseline_unassigned=40 adopted=17 completed=5 unassigned=23 tombstoned=0
P68_LEVEL target_level=2 baseline_unassigned=10 adopted=1 completed=1 unassigned=9 tombstoned=0
P68_LEVEL target_level=3 baseline_unassigned=2 adopted=1 completed=1 unassigned=1 tombstoned=0
P68_REPLAY events=71 terminal_entries=52 canonical_bytes=14804 replay1_sha256=8f061df4e5fa24925bbc285f7708753530c1db5fa3f4edab8c6d4e4b916e667d replay2_sha256=8f061df4e5fa24925bbc285f7708753530c1db5fa3f4edab8c6d4e4b916e667d bit_exact=PASS duplicate_replay=PASS
P68_CANONICAL_STATE_BEGIN
schema=p68-ledger-v1
entry|BTC|1m|full-history|btc-1m-4613599|target=1|lower=L0#1126|rule=1|range=137974-137996|state=ASSIGNED|generation=0|host=72057594037929062@1:L1:136767-138631:PENDING|reason=ADOPT_ORPHAN|last_seq=1|last=p68-ledger-v1:ADOPT_V1_OVERLAY:btc-1m/task67-adopt-v1:72057594037929062:ASSIGNED:1126|judge_at=138631
entry|BTC|1m|full-history|btc-1m-4613599|target=1|lower=L0#2498|rule=1|range=294379-294678|state=UNASSIGNED|generation=0|host=-|reason=NO_CONTAINING_SEED_WINDOW|last_seq=0|last=p68-ledger-v1:BASE_SCANNER:btc-1m/task67-exact-three:2498:OPENED:2498|judge_at=294678
entry|BTC|1m|full-history|btc-1m-4613599|target=1|lower=L0#3217|rule=1|range=367919-367993|state=ASSIGNED|generation=0|host=72057594037931153@1:L1:367527-368201:COMPLETED|reason=ADOPT_ORPHAN|last_seq=1|last=p68-ledger-v1:ADOPT_V1_OVERLAY:btc-1m/task67-adopt-v1:72057594037931153:ASSIGNED:3217|judge_at=368201
entry|BTC|1m|full-history|btc-1m-4613599|target=1|lower=L0#3457|rule=1|range=391323-391355|state=ASSIGNED|generation=0|host=72057594037931393@1:L1:390932-391355:COMPLETED|reason=ADOPT_ORPHAN|last_seq=1|last=p68-ledger-v1:ADOPT_V1_OVERLAY:btc-1m/task67-adopt-v1:72057594037931393:ASSIGNED:3457|judge_at=391355
entry|BTC|1m|full-history|btc-1m-4613599|target=1|lower=L0#3705|rule=1|range=417456-417565|state=UNASSIGNED|generation=0|host=-|reason=NO_CONTAINING_SEED_WINDOW|last_seq=0|last=p68-ledger-v1:BASE_SCANNER:btc-1m/task67-exact-three:3705:OPENED:3705|judge_at=417565
entry|BTC|1m|full-history|btc-1m-4613599|target=1|lower=L0#4869|rule=1|range=542428-542539|state=UNASSIGNED|generation=0|host=-|reason=NO_CONTAINING_SEED_WINDOW|last_seq=0|last=p68-ledger-v1:BASE_SCANNER:btc-1m/task67-exact-three:4869:OPENED:4869|judge_at=542539
entry|BTC|1m|full-history|btc-1m-4613599|target=1|lower=L0#8062|rule=1|range=892963-892984|state=ASSIGNED|generation=0|host=72057594037935998@1:L1:891823-893171:PENDING|reason=ADOPT_ORPHAN|last_seq=1|last=p68-ledger-v1:ADOPT_V1_OVERLAY:btc-1m/task67-adopt-v1:72057594037935998:ASSIGNED:8062|judge_at=893171
entry|BTC|1m|full-history|btc-1m-4613599|target=1|lower=L0#10581|rule=1|range=1169165-1169293|state=UNASSIGNED|generation=0|host=-|reason=NO_CONTAINING_SEED_WINDOW|last_seq=0|last=p68-ledger-v1:BASE_SCANNER:btc-1m/task67-exact-three:10581:OPENED:10581|judge_at=1169293
entry|BTC|1m|full-history|btc-1m-4613599|target=1|lower=L0#11956|rule=1|range=1319311-1319352|state=UNASSIGNED|generation=0|host=-|reason=NO_CONTAINING_SEED_WINDOW|last_seq=0|last=p68-ledger-v1:BASE_SCANNER:btc-1m/task67-exact-three:11956:OPENED:11956|judge_at=1319352
entry|BTC|1m|full-history|btc-1m-4613599|target=1|lower=L0#12211|rule=1|range=1349713-1349876|state=UNASSIGNED|generation=0|host=-|reason=NO_CONTAINING_SEED_WINDOW|last_seq=0|last=p68-ledger-v1:BASE_SCANNER:btc-1m/task67-exact-three:12211:OPENED:12211|judge_at=1349876
entry|BTC|1m|full-history|btc-1m-4613599|target=1|lower=L0#13019|rule=1|range=1437139-1437152|state=UNASSIGNED|generation=0|host=-|reason=NO_CONTAINING_SEED_WINDOW|last_seq=0|last=p68-ledger-v1:BASE_SCANNER:btc-1m/task67-exact-three:13019:OPENED:13019|judge_at=1437152
entry|BTC|1m|full-history|btc-1m-4613599|target=1|lower=L0#14718|rule=1|range=1621897-1622008|state=UNASSIGNED|generation=0|host=-|reason=NO_CONTAINING_SEED_WINDOW|last_seq=0|last=p68-ledger-v1:BASE_SCANNER:btc-1m/task67-exact-three:14718:OPENED:14718|judge_at=1622008
entry|BTC|1m|full-history|btc-1m-4613599|target=1|lower=L0#15685|rule=1|range=1733210-1733340|state=ASSIGNED|generation=0|host=72057594037943621@1:L1:1732375-1733617:COMPLETED|reason=ADOPT_ORPHAN|last_seq=1|last=p68-ledger-v1:ADOPT_V1_OVERLAY:btc-1m/task67-adopt-v1:72057594037943621:ASSIGNED:15685|judge_at=1733617
entry|BTC|1m|full-history|btc-1m-4613599|target=1|lower=L0#15798|rule=1|range=1746272-1746389|state=ASSIGNED|generation=0|host=72057594037943734@1:L1:1745358-1747317:PENDING|reason=ADOPT_ORPHAN|last_seq=1|last=p68-ledger-v1:ADOPT_V1_OVERLAY:btc-1m/task67-adopt-v1:72057594037943734:ASSIGNED:15798|judge_at=1747317
entry|BTC|1m|full-history|btc-1m-4613599|target=1|lower=L0#16192|rule=1|range=1792727-1792891|state=ASSIGNED|generation=0|host=72057594037944128@1:L1:1792356-1793002:COMPLETED|reason=ADOPT_ORPHAN|last_seq=1|last=p68-ledger-v1:ADOPT_V1_OVERLAY:btc-1m/task67-adopt-v1:72057594037944128:ASSIGNED:16192|judge_at=1793002
entry|BTC|1m|full-history|btc-1m-4613599|target=1|lower=L0#20127|rule=1|range=2264911-2264933|state=UNASSIGNED|generation=0|host=-|reason=NO_CONTAINING_SEED_WINDOW|last_seq=0|last=p68-ledger-v1:BASE_SCANNER:btc-1m/task67-exact-three:20127:OPENED:20127|judge_at=2264933
entry|BTC|1m|full-history|btc-1m-4613599|target=1|lower=L0#20299|rule=1|range=2286677-2286887|state=UNASSIGNED|generation=0|host=-|reason=NO_CONTAINING_SEED_WINDOW|last_seq=0|last=p68-ledger-v1:BASE_SCANNER:btc-1m/task67-exact-three:20299:OPENED:20299|judge_at=2286887
entry|BTC|1m|full-history|btc-1m-4613599|target=1|lower=L0#20470|rule=1|range=2306893-2306924|state=ASSIGNED|generation=0|host=72057594037948406@1:L1:2305960-2306945:PENDING|reason=ADOPT_ORPHAN|last_seq=1|last=p68-ledger-v1:ADOPT_V1_OVERLAY:btc-1m/task67-adopt-v1:72057594037948406:ASSIGNED:20470|judge_at=2306945
entry|BTC|1m|full-history|btc-1m-4613599|target=1|lower=L0#21613|rule=1|range=2444538-2444617|state=ASSIGNED|generation=0|host=72057594037949549@1:L1:2444220-2445064:PENDING|reason=ADOPT_ORPHAN|last_seq=1|last=p68-ledger-v1:ADOPT_V1_OVERLAY:btc-1m/task67-adopt-v1:72057594037949549:ASSIGNED:21613|judge_at=2445064
entry|BTC|1m|full-history|btc-1m-4613599|target=1|lower=L0#22171|rule=1|range=2510715-2510734|state=UNASSIGNED|generation=0|host=-|reason=NO_CONTAINING_SEED_WINDOW|last_seq=0|last=p68-ledger-v1:BASE_SCANNER:btc-1m/task67-exact-three:22171:OPENED:22171|judge_at=2510734
entry|BTC|1m|full-history|btc-1m-4613599|target=1|lower=L0#22729|rule=1|range=2576876-2576984|state=UNASSIGNED|generation=0|host=-|reason=NO_CONTAINING_SEED_WINDOW|last_seq=0|last=p68-ledger-v1:BASE_SCANNER:btc-1m/task67-exact-three:22729:OPENED:22729|judge_at=2576984
entry|BTC|1m|full-history|btc-1m-4613599|target=1|lower=L0#23759|rule=1|range=2703777-2703853|state=ASSIGNED|generation=0|host=72057594037951695@1:L1:2703015-2704269:PENDING|reason=ADOPT_ORPHAN|last_seq=1|last=p68-ledger-v1:ADOPT_V1_OVERLAY:btc-1m/task67-adopt-v1:72057594037951695:ASSIGNED:23759|judge_at=2704269
entry|BTC|1m|full-history|btc-1m-4613599|target=1|lower=L0#24012|rule=1|range=2734544-2734670|state=ASSIGNED|generation=0|host=72057594037951948@1:L1:2733227-2734862:PENDING|reason=ADOPT_ORPHAN|last_seq=1|last=p68-ledger-v1:ADOPT_V1_OVERLAY:btc-1m/task67-adopt-v1:72057594037951948:ASSIGNED:24012|judge_at=2734862
entry|BTC|1m|full-history|btc-1m-4613599|target=1|lower=L0#24227|rule=1|range=2759962-2760015|state=UNASSIGNED|generation=0|host=-|reason=NO_CONTAINING_SEED_WINDOW|last_seq=0|last=p68-ledger-v1:BASE_SCANNER:btc-1m/task67-exact-three:24227:OPENED:24227|judge_at=2760015
entry|BTC|1m|full-history|btc-1m-4613599|target=1|lower=L0#25368|rule=1|range=2903157-2903192|state=UNASSIGNED|generation=0|host=-|reason=NO_CONTAINING_SEED_WINDOW|last_seq=0|last=p68-ledger-v1:BASE_SCANNER:btc-1m/task67-exact-three:25368:OPENED:25368|judge_at=2903192
entry|BTC|1m|full-history|btc-1m-4613599|target=1|lower=L0#27013|rule=1|range=3084709-3084854|state=UNASSIGNED|generation=0|host=-|reason=NO_CONTAINING_SEED_WINDOW|last_seq=0|last=p68-ledger-v1:BASE_SCANNER:btc-1m/task67-exact-three:27013:OPENED:27013|judge_at=3084854
entry|BTC|1m|full-history|btc-1m-4613599|target=1|lower=L0#27163|rule=1|range=3102728-3102816|state=ASSIGNED|generation=0|host=72057594037955099@1:L1:3101775-3104190:PENDING|reason=ADOPT_ORPHAN|last_seq=1|last=p68-ledger-v1:ADOPT_V1_OVERLAY:btc-1m/task67-adopt-v1:72057594037955099:ASSIGNED:27163|judge_at=3104190
entry|BTC|1m|full-history|btc-1m-4613599|target=1|lower=L0#28272|rule=1|range=3229763-3229845|state=UNASSIGNED|generation=0|host=-|reason=NO_CONTAINING_SEED_WINDOW|last_seq=0|last=p68-ledger-v1:BASE_SCANNER:btc-1m/task67-exact-three:28272:OPENED:28272|judge_at=3229845
entry|BTC|1m|full-history|btc-1m-4613599|target=1|lower=L0#30608|rule=1|range=3499553-3499792|state=UNASSIGNED|generation=0|host=-|reason=NO_CONTAINING_SEED_WINDOW|last_seq=0|last=p68-ledger-v1:BASE_SCANNER:btc-1m/task67-exact-three:30608:OPENED:30608|judge_at=3499792
entry|BTC|1m|full-history|btc-1m-4613599|target=1|lower=L0#30760|rule=1|range=3516730-3516953|state=UNASSIGNED|generation=0|host=-|reason=NO_CONTAINING_SEED_WINDOW|last_seq=0|last=p68-ledger-v1:BASE_SCANNER:btc-1m/task67-exact-three:30760:OPENED:30760|judge_at=3516953
entry|BTC|1m|full-history|btc-1m-4613599|target=1|lower=L0#31288|rule=1|range=3577921-3577959|state=UNASSIGNED|generation=0|host=-|reason=NO_CONTAINING_SEED_WINDOW|last_seq=0|last=p68-ledger-v1:BASE_SCANNER:btc-1m/task67-exact-three:31288:OPENED:31288|judge_at=3577959
entry|BTC|1m|full-history|btc-1m-4613599|target=1|lower=L0#32353|rule=1|range=3702311-3702494|state=ASSIGNED|generation=0|host=72057594037960289@1:L1:3701504-3702699:PENDING|reason=ADOPT_ORPHAN|last_seq=1|last=p68-ledger-v1:ADOPT_V1_OVERLAY:btc-1m/task67-adopt-v1:72057594037960289:ASSIGNED:32353|judge_at=3702699
entry|BTC|1m|full-history|btc-1m-4613599|target=1|lower=L0#32469|rule=1|range=3716206-3716484|state=UNASSIGNED|generation=0|host=-|reason=NO_CONTAINING_SEED_WINDOW|last_seq=0|last=p68-ledger-v1:BASE_SCANNER:btc-1m/task67-exact-three:32469:OPENED:32469|judge_at=3716484
entry|BTC|1m|full-history|btc-1m-4613599|target=1|lower=L0#33046|rule=1|range=3783351-3783467|state=UNASSIGNED|generation=0|host=-|reason=NO_CONTAINING_SEED_WINDOW|last_seq=0|last=p68-ledger-v1:BASE_SCANNER:btc-1m/task67-exact-three:33046:OPENED:33046|judge_at=3783467
entry|BTC|1m|full-history|btc-1m-4613599|target=1|lower=L0#33409|rule=1|range=3827807-3827850|state=ASSIGNED|generation=0|host=72057594037961345@1:L1:3825651-3827879:PENDING|reason=ADOPT_ORPHAN|last_seq=1|last=p68-ledger-v1:ADOPT_V1_OVERLAY:btc-1m/task67-adopt-v1:72057594037961345:ASSIGNED:33409|judge_at=3827879
entry|BTC|1m|full-history|btc-1m-4613599|target=1|lower=L0#35909|rule=1|range=4128452-4128611|state=ASSIGNED|generation=0|host=72057594037963845@1:L1:4128007-4129083:COMPLETED|reason=ADOPT_ORPHAN|last_seq=1|last=p68-ledger-v1:ADOPT_V1_OVERLAY:btc-1m/task67-adopt-v1:72057594037963845:ASSIGNED:35909|judge_at=4129083
entry|BTC|1m|full-history|btc-1m-4613599|target=1|lower=L0#35944|rule=1|range=4132879-4133078|state=UNASSIGNED|generation=0|host=-|reason=NO_CONTAINING_SEED_WINDOW|last_seq=0|last=p68-ledger-v1:BASE_SCANNER:btc-1m/task67-exact-three:35944:OPENED:35944|judge_at=4133078
entry|BTC|1m|full-history|btc-1m-4613599|target=1|lower=L0#36442|rule=1|range=4190140-4190318|state=UNASSIGNED|generation=0|host=-|reason=NO_CONTAINING_SEED_WINDOW|last_seq=0|last=p68-ledger-v1:BASE_SCANNER:btc-1m/task67-exact-three:36442:OPENED:36442|judge_at=4190318
entry|BTC|1m|full-history|btc-1m-4613599|target=1|lower=L0#36752|rule=1|range=4225895-4226074|state=ASSIGNED|generation=0|host=72057594037964688@1:L1:4224623-4226074:PENDING|reason=ADOPT_ORPHAN|last_seq=1|last=p68-ledger-v1:ADOPT_V1_OVERLAY:btc-1m/task67-adopt-v1:72057594037964688:ASSIGNED:36752|judge_at=4226074
entry|BTC|1m|full-history|btc-1m-4613599|target=1|lower=L0#39878|rule=1|range=4598245-4598300|state=ASSIGNED|generation=0|host=72057594037967814@1:L1:4597872-4598760:PENDING|reason=ADOPT_ORPHAN|last_seq=1|last=p68-ledger-v1:ADOPT_V1_OVERLAY:btc-1m/task67-adopt-v1:72057594037967814:ASSIGNED:39878|judge_at=4598760
entry|BTC|1m|full-history|btc-1m-4613599|target=2|lower=L1#3278|rule=1|range=1183803-1184381|state=UNASSIGNED|generation=0|host=-|reason=NO_CONTAINING_SEED_WINDOW|last_seq=0|last=p68-ledger-v1:BASE_SCANNER:btc-1m/task67-exact-three:3278:OPENED:3278|judge_at=1184381
entry|BTC|1m|full-history|btc-1m-4613599|target=2|lower=L1#3700|rule=1|range=1333681-1334083|state=UNASSIGNED|generation=0|host=-|reason=NO_CONTAINING_SEED_WINDOW|last_seq=0|last=p68-ledger-v1:BASE_SCANNER:btc-1m/task67-exact-three:3700:OPENED:3700|judge_at=1334083
entry|BTC|1m|full-history|btc-1m-4613599|target=2|lower=L1#5304|rule=1|range=1939180-1939671|state=UNASSIGNED|generation=0|host=-|reason=NO_CONTAINING_SEED_WINDOW|last_seq=0|last=p68-ledger-v1:BASE_SCANNER:btc-1m/task67-exact-three:5304:OPENED:5304|judge_at=1939671
entry|BTC|1m|full-history|btc-1m-4613599|target=2|lower=L1#6576|rule=1|range=2446451-2446609|state=UNASSIGNED|generation=0|host=-|reason=NO_CONTAINING_SEED_WINDOW|last_seq=0|last=p68-ledger-v1:BASE_SCANNER:btc-1m/task67-exact-three:6576:OPENED:6576|judge_at=2446609
entry|BTC|1m|full-history|btc-1m-4613599|target=2|lower=L1#8479|rule=1|range=3192471-3192734|state=UNASSIGNED|generation=0|host=-|reason=NO_CONTAINING_SEED_WINDOW|last_seq=0|last=p68-ledger-v1:BASE_SCANNER:btc-1m/task67-exact-three:8479:OPENED:8479|judge_at=3192734
entry|BTC|1m|full-history|btc-1m-4613599|target=2|lower=L1#9472|rule=1|range=3578942-3579315|state=UNASSIGNED|generation=0|host=-|reason=NO_CONTAINING_SEED_WINDOW|last_seq=0|last=p68-ledger-v1:BASE_SCANNER:btc-1m/task67-exact-three:9472:OPENED:9472|judge_at=3579315
entry|BTC|1m|full-history|btc-1m-4613599|target=2|lower=L1#9573|rule=1|range=3616553-3616977|state=UNASSIGNED|generation=0|host=-|reason=NO_CONTAINING_SEED_WINDOW|last_seq=0|last=p68-ledger-v1:BASE_SCANNER:btc-1m/task67-exact-three:9573:OPENED:9573|judge_at=3616977
entry|BTC|1m|full-history|btc-1m-4613599|target=2|lower=L1#10846|rule=1|range=4133078-4133432|state=ASSIGNED|generation=0|host=144115188075866718@1:L2:4130475-4134490:COMPLETED|reason=ADOPT_ORPHAN|last_seq=1|last=p68-ledger-v1:ADOPT_V1_OVERLAY:btc-1m/task67-adopt-v1:144115188075866718:ASSIGNED:10846|judge_at=4134490
entry|BTC|1m|full-history|btc-1m-4613599|target=2|lower=L1#10947|rule=1|range=4171769-4172028|state=UNASSIGNED|generation=0|host=-|reason=NO_CONTAINING_SEED_WINDOW|last_seq=0|last=p68-ledger-v1:BASE_SCANNER:btc-1m/task67-exact-three:10947:OPENED:10947|judge_at=4172028
entry|BTC|1m|full-history|btc-1m-4613599|target=2|lower=L1#11518|rule=1|range=4397210-4397392|state=UNASSIGNED|generation=0|host=-|reason=NO_CONTAINING_SEED_WINDOW|last_seq=0|last=p68-ledger-v1:BASE_SCANNER:btc-1m/task67-exact-three:11518:OPENED:11518|judge_at=4397392
entry|BTC|1m|full-history|btc-1m-4613599|target=3|lower=L2#107|rule=1|range=145672-147050|state=UNASSIGNED|generation=0|host=-|reason=NO_CONTAINING_SEED_WINDOW|last_seq=0|last=p68-ledger-v1:BASE_SCANNER:btc-1m/task67-exact-three:107:OPENED:107|judge_at=147050
entry|BTC|1m|full-history|btc-1m-4613599|target=3|lower=L2#1514|rule=1|range=1864033-1865267|state=ASSIGNED|generation=0|host=216172782113785322@1:L3:1859426-1865267:COMPLETED|reason=ADOPT_ORPHAN|last_seq=1|last=p68-ledger-v1:ADOPT_V1_OVERLAY:btc-1m/task67-adopt-v1:216172782113785322:ASSIGNED:1514|judge_at=1865267
P68_CANONICAL_STATE_END
