
============================================================
  QQQ — 控制变量:无加仓版赋格回测
============================================================
  数据：728,030 bars
    [ 13.7%] bar 100,000/728,030
    [ 27.5%] bar 200,000/728,030
    [ 41.2%] bar 300,000/728,030
    [ 54.9%] bar 400,000/728,030
    [ 68.7%] bar 500,000/728,030
    [ 82.4%] bar 600,000/728,030
    [ 96.1%] bar 700,000/728,030
  完成：415.3s (1753 bars/s)
  PH：L0=3962 r1, L1=6119 upd/286 r1, L2=389 upd/25 r1, 方向翻转=14
  EVAL：触发=32, 过滤=64, 过滤率=67%
  交易：17笔（纯多头）
  胜率：47.1%, 复利：+23.69%
  加仓：0/17, 降成本：15/17, 本金回收：0/17
  BH: +174.64%

============================================================
  OKLO — 控制变量:无加仓版赋格回测
============================================================
  数据：333,613 bars
    [ 30.0%] bar 100,000/333,613
    [ 59.9%] bar 200,000/333,613
    [ 89.9%] bar 300,000/333,613
  完成：78.0s (4275 bars/s)
  PH：L0=730 r1, L1=2806 upd/102 r1, L2=185 upd/12 r1, 方向翻转=7
  EVAL：触发=8, 过滤=16, 过滤率=67%
  交易：6笔（纯多头）
  胜率：83.3%, 复利：+114.08%
  加仓：0/6, 降成本：4/6, 本金回收：0/6
  BH: +251.30%

============================================================
  HK700 — 控制变量:无加仓版赋格回测
============================================================
  数据：1,408,882 bars
    [  7.1%] bar 100,000/1,408,882
    [ 14.2%] bar 200,000/1,408,882
    [ 21.3%] bar 300,000/1,408,882
    [ 28.4%] bar 400,000/1,408,882
    [ 35.5%] bar 500,000/1,408,882
    [ 42.6%] bar 600,000/1,408,882
    [ 49.7%] bar 700,000/1,408,882
    [ 56.8%] bar 800,000/1,408,882
    [ 63.9%] bar 900,000/1,408,882
    [ 71.0%] bar 1,000,000/1,408,882
    [ 78.1%] bar 1,100,000/1,408,882
    [ 85.2%] bar 1,200,000/1,408,882
    [ 92.3%] bar 1,300,000/1,408,882
    [ 99.4%] bar 1,400,000/1,408,882
  完成：615.4s (2290 bars/s)
  PH：L0=2312 r1, L1=5014 upd/184 r1, L2=298 upd/11 r1, 方向翻转=5
  EVAL：触发=16, 过滤=35, 过滤率=69%
  交易：6笔（纯多头）
  胜率：66.7%, 复利：+206.73%
  加仓：0/6, 降成本：6/6, 本金回收：0/6
  BH: +3933.45%

============================================================
  BTC — 控制变量:无加仓版赋格回测
============================================================
  数据：1,795,600 bars
    [  5.6%] bar 100,000/1,795,600
    [ 11.1%] bar 200,000/1,795,600
    [ 16.7%] bar 300,000/1,795,600
    [ 22.3%] bar 400,000/1,795,600
    [ 27.8%] bar 500,000/1,795,600
    [ 33.4%] bar 600,000/1,795,600
    [ 39.0%] bar 700,000/1,795,600
    [ 44.6%] bar 800,000/1,795,600
    [ 50.1%] bar 900,000/1,795,600
    [ 55.7%] bar 1,000,000/1,795,600
    [ 61.3%] bar 1,100,000/1,795,600
    [ 66.8%] bar 1,200,000/1,795,600
    [ 72.4%] bar 1,300,000/1,795,600
    [ 78.0%] bar 1,400,000/1,795,600
    [ 83.5%] bar 1,500,000/1,795,600
    [ 89.1%] bar 1,600,000/1,795,600
    [ 94.7%] bar 1,700,000/1,795,600
  完成：2095.1s (857 bars/s)
  PH：L0=1710 r1, L1=14339 upd/230 r1, L2=753 upd/44 r1, 方向翻转=27
  EVAL：触发=24, 过滤=40, 过滤率=62%
  交易：14笔（纯多头）
  胜率：35.7%, 复利：+30.42%
  加仓：0/14, 降成本：12/14, 本金回收：0/14
  BH: +345.33%

报告已写入：/Users/silencehan/Projects/NewChanlun/analysis/fugue_no_addon_backtest_1min.md
审计 JSON 已写入：fugue_no_addon_audit_results.json
