============================================================
  全市场端到端回测 v3：期货保证金 + BTC杠杆 + 分层降成本
============================================================

[Phase 1] K4 三边 1min 递归预计算 ...
  ES: 使用缓存 (L3, 23 σ events)
  GC: 使用缓存 (L3, 23 σ events)
  CL: 使用缓存 (L3, 33 σ events)

[Phase 1b] 构建 K4 配置时间线 ...
  配置切换次数：79
  最新配置：(↑,↑,↓)
  比价得分：2/3
  交易日历：755 days, 中位 1379 bars/day

[Phase 2] 逐标的 FSM 回测 ...

  加载 ES ...
  ES: 852,022 bars, 4818.75 → 7573.50, 有效杠杆 14.5x

  ── ES (WITH K4) ──
      [ 11.7%] 100,000/852,022
      [ 23.5%] 200,000/852,022
      [ 35.2%] 300,000/852,022
      [ 46.9%] 400,000/852,022
      [ 58.7%] 500,000/852,022
      [ 70.4%] 600,000/852,022
      [ 82.2%] 700,000/852,022
      [ 93.9%] 800,000/852,022
    165.2s (5157 bars/s)
    交易：294笔 (多294/空0)
    FSM: -89.92%, BH: +57.17%
    胜率：32.0%, MDD: -90.2%

  ── ES (WITHOUT K4) ──
      [ 11.7%] 100,000/852,022
      [ 23.5%] 200,000/852,022
      [ 35.2%] 300,000/852,022
      [ 46.9%] 400,000/852,022
      [ 58.7%] 500,000/852,022
      [ 70.4%] 600,000/852,022
      [ 82.2%] 700,000/852,022
      [ 93.9%] 800,000/852,022
    168.1s (5069 bars/s)
    交易：295笔 (多295/空0)
    FSM: -90.00%, BH: +57.17%
    胜率：31.9%, MDD: -90.5%

  加载 OKLO ...
  OKLO: 333,613 bars, 18.07 → 63.48, 有效杠杆 1.0x

  ── OKLO (BOTH=BASELINE) ──
      [ 30.0%] 100,000/333,613
      [ 59.9%] 200,000/333,613
      [ 89.9%] 300,000/333,613
    51.8s (6435 bars/s)
    交易：144笔 (多60/空84)
    FSM: -101.44%, BH: +251.30%
    胜率：25.7%, MDD: -143.8%

  加载 BTC ...
  BTC: 1,795,600 bars, 16543.67 → 73674.39, 有效杠杆 10.0x

  ── BTC (BOTH=BASELINE) ──
      [  5.6%] 100,000/1,795,600
      [ 11.1%] 200,000/1,795,600
      [ 16.7%] 300,000/1,795,600
      [ 22.3%] 400,000/1,795,600
      [ 27.8%] 500,000/1,795,600
      [ 33.4%] 600,000/1,795,600
      [ 39.0%] 700,000/1,795,600
      [ 44.6%] 800,000/1,795,600
      [ 50.1%] 900,000/1,795,600
      [ 55.7%] 1,000,000/1,795,600
      [ 61.3%] 1,100,000/1,795,600
      [ 66.8%] 1,200,000/1,795,600
      [ 72.4%] 1,300,000/1,795,600
      [ 78.0%] 1,400,000/1,795,600
      [ 83.5%] 1,500,000/1,795,600
      [ 89.1%] 1,600,000/1,795,600
      [ 94.7%] 1,700,000/1,795,600
    1034.1s (1736 bars/s)
    交易：359笔 (多119/空240)
    FSM: -100.00%, BH: +345.33%
    胜率：9.2%, MDD: -102.3%
    强平：22笔

  加载 HK700 ...
  HK700 truncated: 1,408,882 → 200,523 (from 2024-01-01)
  HK700: 200,523 bars, 302.20 → 458.20, 有效杠杆 1.0x

  ── HK700 (WITH K4) ──
      [ 49.9%] 100,000/200,523
      [ 99.7%] 200,000/200,523
    16.7s (11982 bars/s)
    交易：52笔 (多52/空0)
    FSM: -23.62%, BH: +51.62%
    胜率：25.0%, MDD: -23.6%

  ── HK700 (WITHOUT K4) ──
      [ 49.9%] 100,000/200,523
      [ 99.7%] 200,000/200,523
    16.7s (11974 bars/s)
    交易：61笔 (多61/空0)
    FSM: -27.44%, BH: +51.62%
    胜率：23.0%, MDD: -27.4%

报告已写入：/Users/silencehan/Projects/NewChanlun/analysis/full_system_backtest_v3.md
审计 JSON 已写入：full_system_v3_audit_results.json

============================================================
  组合汇总
============================================================
  等权 BH:    +176.36%
  WITHOUT K4: -79.72%
  WITH K4:    -78.75%
  K4 增量:    +0.98%
  总耗时:     1456.3s
