{
  "history": "T64-H2-dynamic-repair",
  "new_histories": 0,
  "R_W_runs": 0,
  "main_candidate_runs": 1,
  "observations": 583,
  "events": 582,
  "pens": 144,
  "raw_segments": 28,
  "rooted_input_segments": 27,
  "root_raw_start": 1,
  "candidate_rule": "Omega68-JointCut-v1 unchanged",
  "grammar_windows": 78,
  "window_lengths": {
    "5": 23,
    "9": 19,
    "13": 15,
    "17": 11,
    "21": 7,
    "25": 3
  },
  "final_counts": {
    "available_grammar_windows": 78,
    "structural_pass": 23,
    "roles_pass_after_structure": 7,
    "whole_extreme_after_structure_roles": 7,
    "candidate_completion_edges": 5,
    "all_paths": 1,
    "maximal_paths": 1,
    "maximal_nonempty_paths": 0,
    "maximal_no_pp_nonempty_paths": 0,
    "no_pp_nonempty_paths": 0,
    "three_child_paths": 0,
    "candidate_F2_pass": 0,
    "NoPP_removed_candidate_F2_pass": 0,
    "max_factor_count": 0,
    "original_F2_admitted": 0
  },
  "candidate_edges": [
    "W68:S4-S8",
    "W68:S9-S17",
    "W68:S13-S17",
    "W68:S18-S26",
    "W68:S22-S26"
  ],
  "first_nonempty": null,
  "first_three_children": null,
  "first_candidate_F2": null,
  "first_NoPP_removed_F2": null,
  "stable_input_identity_checks": 7700,
  "source_semantics": "unproved; candidate nonadmission does not invalidate H2",
  "general_F1_or_R_W_disproved": false,
  "physical_read_isolation_claimed": false
}
