============================================================
FENGLIANG MULTIPROCESS DAEMON
============================================================
  Traversal worker: PID 49392
  WebSocket: ws://localhost:9765/ws
  HTTP API: http://localhost:9090
  Mode: multiprocess (GIL-free HTTP)
----------------------------------------
Exception occurred during processing of request from ('127.0.0.1', 58513)
Traceback (most recent call last):
  File "C:\Python314\Lib\socketserver.py", line 318, in _handle_request_noblock
    self.process_request(request, client_address)
    ~~~~~~~~~~~~~~~~~~~~^^^^^^^^^^^^^^^^^^^^^^^^^
  File "C:\Python314\Lib\socketserver.py", line 349, in process_request
    self.finish_request(request, client_address)
    ~~~~~~~~~~~~~~~~~~~^^^^^^^^^^^^^^^^^^^^^^^^^
  File "C:\Python314\Lib\socketserver.py", line 362, in finish_request
    self.RequestHandlerClass(request, client_address, self)
    ~~~~~~~~~~~~~~~~~~~~~~~~^^^^^^^^^^^^^^^^^^^^^^^^^^^^^^^
  File "C:\Python314\Lib\socketserver.py", line 766, in __init__
    self.handle()
    ~~~~~~~~~~~^^
  File "C:\Python314\Lib\http\server.py", line 496, in handle
    self.handle_one_request()
    ~~~~~~~~~~~~~~~~~~~~~~~^^
  File "C:\Python314\Lib\http\server.py", line 484, in handle_one_request
    method()
    ~~~~~~^^
  File "G:\NewChanlun\topological-computation\daemon_multiproc.py", line 552, in do_GET
    self._json_response(data, code)
    ~~~~~~~~~~~~~~~~~~~^^^^^^^^^^^^
  File "G:\NewChanlun\topological-computation\daemon_multiproc.py", line 590, in _json_response
    self.wfile.write(body)
    ~~~~~~~~~~~~~~~~^^^^^^
  File "C:\Python314\Lib\socketserver.py", line 845, in write
    self._sock.sendall(b)
    ~~~~~~~~~~~~~~~~~~^^^
ConnectionAbortedError: [WinError 10053] 你的主机中的软件中止了一个已建立的连接。
----------------------------------------
----------------------------------------
Exception occurred during processing of request from ('127.0.0.1', 58522)
Traceback (most recent call last):
  File "C:\Python314\Lib\socketserver.py", line 318, in _handle_request_noblock
    self.process_request(request, client_address)
    ~~~~~~~~~~~~~~~~~~~~^^^^^^^^^^^^^^^^^^^^^^^^^
  File "C:\Python314\Lib\socketserver.py", line 349, in process_request
    self.finish_request(request, client_address)
    ~~~~~~~~~~~~~~~~~~~^^^^^^^^^^^^^^^^^^^^^^^^^
  File "C:\Python314\Lib\socketserver.py", line 362, in finish_request
    self.RequestHandlerClass(request, client_address, self)
    ~~~~~~~~~~~~~~~~~~~~~~~~^^^^^^^^^^^^^^^^^^^^^^^^^^^^^^^
  File "C:\Python314\Lib\socketserver.py", line 766, in __init__
    self.handle()
    ~~~~~~~~~~~^^
  File "C:\Python314\Lib\http\server.py", line 496, in handle
    self.handle_one_request()
    ~~~~~~~~~~~~~~~~~~~~~~~^^
  File "C:\Python314\Lib\http\server.py", line 484, in handle_one_request
    method()
    ~~~~~~^^
  File "G:\NewChanlun\topological-computation\daemon_multiproc.py", line 552, in do_GET
    self._json_response(data, code)
    ~~~~~~~~~~~~~~~~~~~^^^^^^^^^^^^
  File "G:\NewChanlun\topological-computation\daemon_multiproc.py", line 590, in _json_response
    self.wfile.write(body)
    ~~~~~~~~~~~~~~~~^^^^^^
  File "C:\Python314\Lib\socketserver.py", line 845, in write
    self._sock.sendall(b)
    ~~~~~~~~~~~~~~~~~~^^^
ConnectionAbortedError: [WinError 10053] 你的主机中的软件中止了一个已建立的连接。
----------------------------------------
----------------------------------------
Exception occurred during processing of request from ('127.0.0.1', 58528)
Traceback (most recent call last):
  File "C:\Python314\Lib\socketserver.py", line 318, in _handle_request_noblock
    self.process_request(request, client_address)
    ~~~~~~~~~~~~~~~~~~~~^^^^^^^^^^^^^^^^^^^^^^^^^
  File "C:\Python314\Lib\socketserver.py", line 349, in process_request
    self.finish_request(request, client_address)
    ~~~~~~~~~~~~~~~~~~~^^^^^^^^^^^^^^^^^^^^^^^^^
  File "C:\Python314\Lib\socketserver.py", line 362, in finish_request
    self.RequestHandlerClass(request, client_address, self)
    ~~~~~~~~~~~~~~~~~~~~~~~~^^^^^^^^^^^^^^^^^^^^^^^^^^^^^^^
  File "C:\Python314\Lib\socketserver.py", line 766, in __init__
    self.handle()
    ~~~~~~~~~~~^^
  File "C:\Python314\Lib\http\server.py", line 496, in handle
    self.handle_one_request()
    ~~~~~~~~~~~~~~~~~~~~~~~^^
  File "C:\Python314\Lib\http\server.py", line 484, in handle_one_request
    method()
    ~~~~~~^^
  File "G:\NewChanlun\topological-computation\daemon_multiproc.py", line 552, in do_GET
    self._json_response(data, code)
    ~~~~~~~~~~~~~~~~~~~^^^^^^^^^^^^
  File "G:\NewChanlun\topological-computation\daemon_multiproc.py", line 590, in _json_response
    self.wfile.write(body)
    ~~~~~~~~~~~~~~~~^^^^^^
  File "C:\Python314\Lib\socketserver.py", line 845, in write
    self._sock.sendall(b)
    ~~~~~~~~~~~~~~~~~~^^^
ConnectionAbortedError: [WinError 10053] 你的主机中的软件中止了一个已建立的连接。
----------------------------------------
----------------------------------------
Exception occurred during processing of request from ('127.0.0.1', 58535)
Traceback (most recent call last):
  File "C:\Python314\Lib\socketserver.py", line 318, in _handle_request_noblock
    self.process_request(request, client_address)
    ~~~~~~~~~~~~~~~~~~~~^^^^^^^^^^^^^^^^^^^^^^^^^
  File "C:\Python314\Lib\socketserver.py", line 349, in process_request
    self.finish_request(request, client_address)
    ~~~~~~~~~~~~~~~~~~~^^^^^^^^^^^^^^^^^^^^^^^^^
  File "C:\Python314\Lib\socketserver.py", line 362, in finish_request
    self.RequestHandlerClass(request, client_address, self)
    ~~~~~~~~~~~~~~~~~~~~~~~~^^^^^^^^^^^^^^^^^^^^^^^^^^^^^^^
  File "C:\Python314\Lib\socketserver.py", line 766, in __init__
    self.handle()
    ~~~~~~~~~~~^^
  File "C:\Python314\Lib\http\server.py", line 496, in handle
    self.handle_one_request()
    ~~~~~~~~~~~~~~~~~~~~~~~^^
  File "C:\Python314\Lib\http\server.py", line 484, in handle_one_request
    method()
    ~~~~~~^^
  File "G:\NewChanlun\topological-computation\daemon_multiproc.py", line 552, in do_GET
    self._json_response(data, code)
    ~~~~~~~~~~~~~~~~~~~^^^^^^^^^^^^
  File "G:\NewChanlun\topological-computation\daemon_multiproc.py", line 590, in _json_response
    self.wfile.write(body)
    ~~~~~~~~~~~~~~~~^^^^^^
  File "C:\Python314\Lib\socketserver.py", line 845, in write
    self._sock.sendall(b)
    ~~~~~~~~~~~~~~~~~~^^^
ConnectionAbortedError: [WinError 10053] 你的主机中的软件中止了一个已建立的连接。
----------------------------------------
----------------------------------------
Exception occurred during processing of request from ('127.0.0.1', 58541)
Traceback (most recent call last):
  File "C:\Python314\Lib\socketserver.py", line 318, in _handle_request_noblock
    self.process_request(request, client_address)
    ~~~~~~~~~~~~~~~~~~~~^^^^^^^^^^^^^^^^^^^^^^^^^
  File "C:\Python314\Lib\socketserver.py", line 349, in process_request
    self.finish_request(request, client_address)
    ~~~~~~~~~~~~~~~~~~~^^^^^^^^^^^^^^^^^^^^^^^^^
  File "C:\Python314\Lib\socketserver.py", line 362, in finish_request
    self.RequestHandlerClass(request, client_address, self)
    ~~~~~~~~~~~~~~~~~~~~~~~~^^^^^^^^^^^^^^^^^^^^^^^^^^^^^^^
  File "C:\Python314\Lib\socketserver.py", line 766, in __init__
    self.handle()
    ~~~~~~~~~~~^^
  File "C:\Python314\Lib\http\server.py", line 496, in handle
    self.handle_one_request()
    ~~~~~~~~~~~~~~~~~~~~~~~^^
  File "C:\Python314\Lib\http\server.py", line 484, in handle_one_request
    method()
    ~~~~~~^^
  File "G:\NewChanlun\topological-computation\daemon_multiproc.py", line 552, in do_GET
    self._json_response(data, code)
    ~~~~~~~~~~~~~~~~~~~^^^^^^^^^^^^
  File "G:\NewChanlun\topological-computation\daemon_multiproc.py", line 590, in _json_response
    self.wfile.write(body)
    ~~~~~~~~~~~~~~~~^^^^^^
  File "C:\Python314\Lib\socketserver.py", line 845, in write
    self._sock.sendall(b)
    ~~~~~~~~~~~~~~~~~~^^^
ConnectionAbortedError: [WinError 10053] 你的主机中的软件中止了一个已建立的连接。
----------------------------------------
2026-03-07 14:32:14 WARNING: Language en package default expects mwt, which has been added
----------------------------------------
Exception occurred during processing of request from ('127.0.0.1', 63831)
Traceback (most recent call last):
  File "C:\Python314\Lib\socketserver.py", line 318, in _handle_request_noblock
    self.process_request(request, client_address)
    ~~~~~~~~~~~~~~~~~~~~^^^^^^^^^^^^^^^^^^^^^^^^^
  File "C:\Python314\Lib\socketserver.py", line 349, in process_request
    self.finish_request(request, client_address)
    ~~~~~~~~~~~~~~~~~~~^^^^^^^^^^^^^^^^^^^^^^^^^
  File "C:\Python314\Lib\socketserver.py", line 362, in finish_request
    self.RequestHandlerClass(request, client_address, self)
    ~~~~~~~~~~~~~~~~~~~~~~~~^^^^^^^^^^^^^^^^^^^^^^^^^^^^^^^
  File "C:\Python314\Lib\socketserver.py", line 766, in __init__
    self.handle()
    ~~~~~~~~~~~^^
  File "C:\Python314\Lib\http\server.py", line 496, in handle
    self.handle_one_request()
    ~~~~~~~~~~~~~~~~~~~~~~~^^
  File "C:\Python314\Lib\http\server.py", line 484, in handle_one_request
    method()
    ~~~~~~^^
  File "G:\NewChanlun\topological-computation\daemon_multiproc.py", line 552, in do_GET
    self._json_response(data, code)
    ~~~~~~~~~~~~~~~~~~~^^^^^^^^^^^^
  File "G:\NewChanlun\topological-computation\daemon_multiproc.py", line 590, in _json_response
    self.wfile.write(body)
    ~~~~~~~~~~~~~~~~^^^^^^
  File "C:\Python314\Lib\socketserver.py", line 845, in write
    self._sock.sendall(b)
    ~~~~~~~~~~~~~~~~~~^^^
ConnectionAbortedError: [WinError 10053] 你的主机中的软件中止了一个已建立的连接。
----------------------------------------
